// Jest Snapshot v1, https://goo.gl/fbAQLP

exports[`Stylus Should match snapshot 1`] = `
Object {
  "getMiddleware": [Function],
  "getWidgetCSS": [Function],
}
`;
