// Jest Snapshot v1, https://goo.gl/fbAQLP

exports[`Job Manager: Get Jobs Should match snapshot 1`] = `[Function]`;
