// Jest Snapshot v1, https://goo.gl/fbAQLP

exports[`Config Manager: Read Config If Exists Should match snapshot 1`] = `[Function]`;
