// Jest Snapshot v1, https://goo.gl/fbAQLP

exports[`Config Manager: Read Env Should match snapshot 1`] = `[Function]`;
