// Jest Snapshot v1, https://goo.gl/fbAQLP

exports[`Config Manager Should match snapshot 1`] = `[Function]`;
