// Jest Snapshot v1, https://goo.gl/fbAQLP

exports[`Globsl Auth Should match snapshot 1`] = `[Function]`;
