// Jest Snapshot v1, https://goo.gl/fbAQLP

exports[`Install Dependencie Should match snapshot 1`] = `[Function]`;
