// Jest Snapshot v1, https://goo.gl/fbAQLP

exports[`Job Initialiser Should match snapshot 1`] = `[Function]`;
