// Jest Snapshot v1, https://goo.gl/fbAQLP

exports[`Logger Should match snapshot 1`] = `[Function]`;
