// Jest Snapshot v1, https://goo.gl/fbAQLP

exports[`Scheduler Should match snapshot 1`] = `[Function]`;
