// Jest Snapshot v1, https://goo.gl/fbAQLP

exports[`Webapp: Server Should match snapshot 1`] = `[Function]`;
